[www.sliderrevolution.com/templates/wordpress-typewriter-effect/index.html]
[backblue.gif]
[fade.gif]
[index.html]
[www.sliderrevolution.com/wp-content/uploads/2020/05/cookie_icon.png]
[www.sliderrevolution.com/wp-content/uploads/2020/04/overviewlarge.png]
[www.sliderrevolution.com/wp-content/uploads/2020/04/closerlarge.png]
[www.sliderrevolution.com/wp-content/cache/min/1/5af191672252d6ed995494f6521c9413.css]
[www.sliderrevolution.com/wp-content/uploads/2020/04/slider_typewriter.jpg]
[www.sliderrevolution.com/wp-content/cache/min/1/wp-content/plugins/lordicon-interactive-icons/dist/element5071.js]
[www.sliderrevolution.com/wp-includes/js/jquery/jquery.minaf6c.js]
[www.sliderrevolution.com/wp-includes/js/jquery/jquery-migrate.mind617.js]
[www.sliderrevolution.com/wp-content/cache/min/1/wp-content/plugins/webtoffee-gdpr-cookie-consent/public/js/cookie-law-info-public5071.js]
[d.impactradius-event.com/A2559068-91e7-45ee-a82f-39239d736b041.js]
[tools.luckyorange.com/core/lo98ce.js]
[www.sliderrevolution.com/wp-content/uploads/2020/05/cropped-rsicon-32x32.png]
[www.sliderrevolution.com/wp-content/uploads/2020/05/cropped-rsicon-192x192.png]
[www.sliderrevolution.com/wp-content/uploads/2020/05/cropped-rsicon-180x180.png]
[www.sliderrevolution.com/wp-content/uploads/2020/06/srlogo_light2.png]
[www.sliderrevolution.com/wp-content/plugins/revslider/public/assets/assets/dummy.png]
[www.sliderrevolution.com/wp-content/uploads/2021/11/tp_logo2.png]
[www.sliderrevolution.com/wp-content/uploads/2020/06/before_after_cover.jpg]
[www.sliderrevolution.com/wp-content/uploads/2020/06/carousel_cover.jpg]
[www.sliderrevolution.com/wp-content/uploads/2020/06/particle_cover.jpg]
[www.sliderrevolution.com/wp-content/uploads/2020/10/codepen-header-200x113.jpg]
[www.sliderrevolution.com/wp-content/uploads/2021/02/fancy-200x113.jpg]
[www.sliderrevolution.com/wp-content/uploads/2021/05/drop-header-200x113.jpg]
[www.sliderrevolution.com/wp-content/uploads/2021/05/text-anim-200x113.jpg]
[www.sliderrevolution.com/wp-content/uploads/2020/05/ThumbQuickSetupSR-200x113.jpg]
[www.sliderrevolution.com/wp-content/uploads/2020/02/faqimg1-200x113.jpg]
[www.sliderrevolution.com/wp-content/uploads/2020/04/sr6_featured2-200x113.jpg]
[www.sliderrevolution.com/wp-content/uploads/2020/04/install-addon-1-200x68.jpg]
[www.sliderrevolution.com/wp-content/uploads/2020/02/mailicon-1.png]
[www.sliderrevolution.com/wp-content/plugins/blog-newsletter-gutenberg-block/front/dist/js/tp-newsletter-block.min4c56.js]
[www.sliderrevolution.com/wp-content/plugins/revslider/public/assets/js/rbtools.min8331.js]
[www.sliderrevolution.com/wp-content/plugins/revslider/public/assets/js/rs6.min9f6d.js]
[www.sliderrevolution.com/wp-content/cache/min/1/wp-content/themes/SliderRevolution/screen5071.js]
[www.sliderrevolution.com/wp-content/themes/zakra/assets/js/navigation.min4a7d.js]
[www.sliderrevolution.com/wp-content/themes/zakra/assets/js/skip-link-focus-fix.min4a7d.js]
[www.sliderrevolution.com/wp-content/themes/zakra/assets/js/zakra-custom.min37ad.js]
[www.sliderrevolution.com/wp-content/cache/min/1/wp-content/plugins/ajax-search-pro/js/min/external/simplebar5071.js]
[www.sliderrevolution.com/wp-content/cache/min/1/wp-content/plugins/ajax-search-pro/js/min/plugin/merged/asp5071.js]
[www.sliderrevolution.com/wp-content/plugins/lazy-loading-responsive-images/js/lazysizes.minb0d2.js]
[www.sliderrevolution.com/wp-content/plugins/lazy-loading-responsive-images/js/ls.unveilhooks.minb0d2.js]
[www.sliderrevolution.com/wp-content/cache/min/1/wp-content/plugins/revslider-typewriter-addon/public/assets/js/revolution.addon.typewritere41a.js]
[www.sliderrevolution.com/templates/wordpress-typewriter-effect/index.html]
[use.typekit.net/uxu4kzp.css]
[www.sliderrevolution.com/wp-content/plugins/revslider/public/assets/assets/gridtile.png]
[www.sliderrevolution.com/wp-content/plugins/revslider/public/assets/assets/gridtile_white.png]
[www.sliderrevolution.com/wp-content/plugins/revslider/public/assets/assets/gridtile_3x3.png]
[www.sliderrevolution.com/wp-content/plugins/revslider/public/assets/assets/gridtile_3x3_white.png]
[www.sliderrevolution.com/wp-content/plugins/revslider/public/assets/assets/coloredbg.png]
[www.sliderrevolution.com/wp-content/cache/min/1/5af191672252d6ed995494f6521c9413.css]
[www.sliderrevolution.com/wp-content/plugins/revslider/public/assets/assets/loader.gif]
[www.googletagmanager.com/gtm5445.html]
[use.typekit.net/af/2555e1/00000000000000007735e603/30/l1eed]
[use.typekit.net/af/2555e1/00000000000000007735e603/30/d1eed]
[use.typekit.net/af/2555e1/00000000000000007735e603/30/a1eed]
[use.typekit.net/af/4de20a/00000000000000007735e604/30/lbd66]
[use.typekit.net/af/4de20a/00000000000000007735e604/30/dbd66]
[use.typekit.net/af/4de20a/00000000000000007735e604/30/abd66]
[use.typekit.net/af/154cda/00000000000000007735e601/30/l5229]
[use.typekit.net/af/154cda/00000000000000007735e601/30/d5229]
[use.typekit.net/af/154cda/00000000000000007735e601/30/a5229]
[use.typekit.net/af/7283cd/00000000000000007735e608/30/la96e]
[use.typekit.net/af/7283cd/00000000000000007735e608/30/da96e]
[use.typekit.net/af/7283cd/00000000000000007735e608/30/aa96e]
[use.typekit.net/af/78aca8/00000000000000007735e60d/30/l05a9]
[use.typekit.net/af/78aca8/00000000000000007735e60d/30/d05a9]
[use.typekit.net/af/78aca8/00000000000000007735e60d/30/a05a9]
[use.typekit.net/af/144da4/00000000000000007735e619/30/l3781]
[use.typekit.net/af/144da4/00000000000000007735e619/30/d3781]
[use.typekit.net/af/144da4/00000000000000007735e619/30/a3781]
[use.typekit.net/af/efe4a5/00000000000000007735e609/30/lbc0f]
[use.typekit.net/af/efe4a5/00000000000000007735e609/30/dbc0f]
[use.typekit.net/af/efe4a5/00000000000000007735e609/30/abc0f]
[use.typekit.net/af/3322cc/00000000000000007735e616/30/l2b4f]
[use.typekit.net/af/3322cc/00000000000000007735e616/30/d2b4f]
[use.typekit.net/af/3322cc/00000000000000007735e616/30/a2b4f]
[use.typekit.net/af/1be3c2/00000000000000007735e606/30/l38ac]
[use.typekit.net/af/1be3c2/00000000000000007735e606/30/d38ac]
[use.typekit.net/af/1be3c2/00000000000000007735e606/30/a38ac]
[use.typekit.net/af/40d372/00000000000000007735e607/30/lb12f]
[use.typekit.net/af/40d372/00000000000000007735e607/30/db12f]
[use.typekit.net/af/40d372/00000000000000007735e607/30/ab12f]
[use.typekit.net/af/23e139/00000000000000007735e605/30/l345d]
[use.typekit.net/af/23e139/00000000000000007735e605/30/d345d]
[use.typekit.net/af/23e139/00000000000000007735e605/30/a345d]
[use.typekit.net/af/79862c/00000000000000007735e60e/30/l2827]
[use.typekit.net/af/79862c/00000000000000007735e60e/30/d2827]
[use.typekit.net/uxu4kzp.css]
[use.typekit.net/af/79862c/00000000000000007735e60e/30/a2827]
[p.typekit.net/pd9ad.css]
